/root/autodl-tmp/miniconda3/envs/wbe-rvt/lib/python3.10/site-packages/clip/clip.py:6: UserWarning: pkg_resources is deprecated as an API. See https://setuptools.pypa.io/en/latest/pkg_resources.html. The pkg_resources package is slated for removal as early as 2025-11-30. Refrain from using this package or pin to Setuptools<81.
  from pkg_resources import packaging
/root/autodl-tmp/vla_sources/3d_diffuser_actor/online_evaluation_rlbench/evaluate_policy.py:135: FutureWarning: You are using `torch.load` with `weights_only=False` (the current default value), which uses the default pickle module implicitly. It is possible to construct malicious pickle data which will execute arbitrary code during unpickling (See https://github.com/pytorch/pytorch/blob/main/SECURITY.md#untrusted-models for more details). In a future release, the default value for `weights_only` will be flipped to `True`. This limits the functions that could be executed during unpickling. Arbitrary objects will no longer be allowed to be loaded via this mode unless they are explicitly allowlisted by the user via `torch.serialization.add_safe_globals`. We recommend you start setting `weights_only=True` for any use case where you don't have full control of the loaded file. Please open an issue on GitHub for any issues related to this experimental feature.
  model_dict = torch.load(args.checkpoint, map_location="cpu")
QStandardPaths: XDG_RUNTIME_DIR not set, defaulting to '/tmp/runtime-root'

  0%|          | 0/1 [00:00<?, ?it/s]
100%|██████████| 1/1 [00:01<00:00,  1.67s/it]
100%|██████████| 1/1 [00:01<00:00,  1.67s/it]

  0%|          | 0/1 [00:00<?, ?it/s]
100%|██████████| 1/1 [00:00<00:00,  1.88it/s]
100%|██████████| 1/1 [00:00<00:00,  1.88it/s]

  0%|          | 0/1 [00:00<?, ?it/s]
100%|██████████| 1/1 [00:00<00:00,  2.76it/s]
100%|██████████| 1/1 [00:00<00:00,  2.76it/s]

  0%|          | 0/1 [00:00<?, ?it/s]
100%|██████████| 1/1 [00:02<00:00,  2.01s/it]
100%|██████████| 1/1 [00:02<00:00,  2.01s/it]

  0%|          | 0/1 [00:00<?, ?it/s]
100%|██████████| 1/1 [00:00<00:00,  7.32it/s]
100%|██████████| 1/1 [00:00<00:00,  7.31it/s]

  0%|          | 0/1 [00:00<?, ?it/s]
100%|██████████| 1/1 [00:00<00:00,  2.89it/s]
100%|██████████| 1/1 [00:00<00:00,  2.88it/s]

  0%|          | 0/1 [00:00<?, ?it/s]
100%|██████████| 1/1 [00:00<00:00,  1.88it/s]
100%|██████████| 1/1 [00:00<00:00,  1.88it/s]

  0%|          | 0/1 [00:00<?, ?it/s]
100%|██████████| 1/1 [00:00<00:00,  1.43it/s]
100%|██████████| 1/1 [00:00<00:00,  1.42it/s]

  0%|          | 0/1 [00:00<?, ?it/s]
100%|██████████| 1/1 [00:00<00:00,  2.38it/s]
100%|██████████| 1/1 [00:00<00:00,  2.38it/s]

  0%|          | 0/1 [00:00<?, ?it/s]
100%|██████████| 1/1 [00:00<00:00,  2.32it/s]
100%|██████████| 1/1 [00:00<00:00,  2.32it/s]

  0%|          | 0/1 [00:00<?, ?it/s]
100%|██████████| 1/1 [00:00<00:00,  2.05it/s]
100%|██████████| 1/1 [00:00<00:00,  2.04it/s]

  0%|          | 0/1 [00:00<?, ?it/s]
100%|██████████| 1/1 [00:00<00:00,  1.99it/s]
100%|██████████| 1/1 [00:00<00:00,  1.99it/s]

  0%|          | 0/1 [00:00<?, ?it/s]
100%|██████████| 1/1 [00:00<00:00,  3.67it/s]
100%|██████████| 1/1 [00:00<00:00,  3.66it/s]

  0%|          | 0/1 [00:00<?, ?it/s]
100%|██████████| 1/1 [00:00<00:00,  2.37it/s]
100%|██████████| 1/1 [00:00<00:00,  2.37it/s]

  0%|          | 0/1 [00:00<?, ?it/s]
100%|██████████| 1/1 [00:00<00:00,  2.32it/s]
100%|██████████| 1/1 [00:00<00:00,  2.32it/s]

  0%|          | 0/1 [00:00<?, ?it/s]
100%|██████████| 1/1 [00:00<00:00,  2.65it/s]
100%|██████████| 1/1 [00:00<00:00,  2.65it/s]

  0%|          | 0/1 [00:00<?, ?it/s]
100%|██████████| 1/1 [00:00<00:00,  3.46it/s]
100%|██████████| 1/1 [00:00<00:00,  3.46it/s]

  0%|          | 0/1 [00:00<?, ?it/s]
100%|██████████| 1/1 [00:00<00:00,  4.02it/s]
100%|██████████| 1/1 [00:00<00:00,  4.02it/s]

  0%|          | 0/1 [00:00<?, ?it/s]
100%|██████████| 1/1 [00:00<00:00,  3.48it/s]
100%|██████████| 1/1 [00:00<00:00,  3.48it/s]

  0%|          | 0/1 [00:00<?, ?it/s]
100%|██████████| 1/1 [00:00<00:00,  3.63it/s]
100%|██████████| 1/1 [00:00<00:00,  3.63it/s]

  0%|          | 0/1 [00:00<?, ?it/s]
100%|██████████| 1/1 [00:00<00:00,  3.66it/s]
100%|██████████| 1/1 [00:00<00:00,  3.66it/s]

  0%|          | 0/1 [00:00<?, ?it/s]
100%|██████████| 1/1 [00:00<00:00,  4.03it/s]
100%|██████████| 1/1 [00:00<00:00,  4.03it/s]

  0%|          | 0/1 [00:00<?, ?it/s]
100%|██████████| 1/1 [00:00<00:00,  2.91it/s]
100%|██████████| 1/1 [00:00<00:00,  2.90it/s]

  0%|          | 0/1 [00:00<?, ?it/s]
100%|██████████| 1/1 [00:00<00:00,  2.28it/s]
100%|██████████| 1/1 [00:00<00:00,  2.28it/s]

  0%|          | 0/1 [00:00<?, ?it/s]
100%|██████████| 1/1 [00:00<00:00,  3.44it/s]
100%|██████████| 1/1 [00:00<00:00,  3.44it/s]

  0%|          | 0/1 [00:00<?, ?it/s]
100%|██████████| 1/1 [00:00<00:00,  3.40it/s]
100%|██████████| 1/1 [00:00<00:00,  3.40it/s]

  0%|          | 0/1 [00:00<?, ?it/s]
100%|██████████| 1/1 [00:00<00:00,  2.43it/s]
100%|██████████| 1/1 [00:00<00:00,  2.43it/s]

  0%|          | 0/1 [00:00<?, ?it/s]
100%|██████████| 1/1 [00:00<00:00,  2.17it/s]
100%|██████████| 1/1 [00:00<00:00,  2.17it/s]

  0%|          | 0/1 [00:00<?, ?it/s]
100%|██████████| 1/1 [00:00<00:00,  2.65it/s]
100%|██████████| 1/1 [00:00<00:00,  2.65it/s]

  0%|          | 0/1 [00:00<?, ?it/s]
100%|██████████| 1/1 [00:00<00:00,  2.69it/s]
100%|██████████| 1/1 [00:00<00:00,  2.69it/s]

  0%|          | 0/1 [00:00<?, ?it/s]
100%|██████████| 1/1 [00:00<00:00,  3.10it/s]
100%|██████████| 1/1 [00:00<00:00,  3.10it/s]

  0%|          | 0/1 [00:00<?, ?it/s]
100%|██████████| 1/1 [00:00<00:00,  2.13it/s]
100%|██████████| 1/1 [00:00<00:00,  2.13it/s]

  0%|          | 0/1 [00:00<?, ?it/s]
100%|██████████| 1/1 [00:00<00:00,  2.54it/s]
100%|██████████| 1/1 [00:00<00:00,  2.53it/s]

  0%|          | 0/1 [00:00<?, ?it/s]
100%|██████████| 1/1 [00:00<00:00,  2.34it/s]
100%|██████████| 1/1 [00:00<00:00,  2.34it/s]

  0%|          | 0/1 [00:00<?, ?it/s]
100%|██████████| 1/1 [00:00<00:00,  2.41it/s]
100%|██████████| 1/1 [00:00<00:00,  2.41it/s]

  0%|          | 0/1 [00:00<?, ?it/s]
100%|██████████| 1/1 [00:00<00:00,  2.60it/s]
100%|██████████| 1/1 [00:00<00:00,  2.60it/s]

  0%|          | 0/1 [00:00<?, ?it/s]
100%|██████████| 1/1 [00:00<00:00,  2.70it/s]
100%|██████████| 1/1 [00:00<00:00,  2.70it/s]

  0%|          | 0/1 [00:00<?, ?it/s]
100%|██████████| 1/1 [00:00<00:00,  2.43it/s]
100%|██████████| 1/1 [00:00<00:00,  2.43it/s]

  0%|          | 0/1 [00:00<?, ?it/s]
100%|██████████| 1/1 [00:00<00:00,  2.53it/s]
100%|██████████| 1/1 [00:00<00:00,  2.53it/s]

  0%|          | 0/1 [00:00<?, ?it/s]
100%|██████████| 1/1 [00:00<00:00,  2.27it/s]
100%|██████████| 1/1 [00:00<00:00,  2.26it/s]

  0%|          | 0/1 [00:00<?, ?it/s]
100%|██████████| 1/1 [00:00<00:00,  3.64it/s]
100%|██████████| 1/1 [00:00<00:00,  3.64it/s]

  0%|          | 0/1 [00:00<?, ?it/s]
100%|██████████| 1/1 [00:00<00:00,  2.71it/s]
100%|██████████| 1/1 [00:00<00:00,  2.70it/s]

  0%|          | 0/1 [00:00<?, ?it/s]
100%|██████████| 1/1 [00:00<00:00,  3.56it/s]
100%|██████████| 1/1 [00:00<00:00,  3.56it/s]

  0%|          | 0/1 [00:00<?, ?it/s]
100%|██████████| 1/1 [00:00<00:00,  2.71it/s]
100%|██████████| 1/1 [00:00<00:00,  2.71it/s]

  0%|          | 0/1 [00:00<?, ?it/s]
100%|██████████| 1/1 [00:00<00:00,  3.33it/s]
100%|██████████| 1/1 [00:00<00:00,  3.33it/s]

  0%|          | 0/1 [00:00<?, ?it/s]
100%|██████████| 1/1 [00:00<00:00,  3.75it/s]
100%|██████████| 1/1 [00:00<00:00,  3.75it/s]

  0%|          | 0/1 [00:00<?, ?it/s]
100%|██████████| 1/1 [00:00<00:00,  3.03it/s]
100%|██████████| 1/1 [00:00<00:00,  3.02it/s]

  0%|          | 0/1 [00:00<?, ?it/s]
100%|██████████| 1/1 [00:00<00:00,  3.64it/s]
100%|██████████| 1/1 [00:00<00:00,  3.64it/s]

  0%|          | 0/1 [00:00<?, ?it/s]
100%|██████████| 1/1 [00:00<00:00,  4.10it/s]
100%|██████████| 1/1 [00:00<00:00,  4.10it/s]

  0%|          | 0/1 [00:00<?, ?it/s]
100%|██████████| 1/1 [00:00<00:00,  4.02it/s]
100%|██████████| 1/1 [00:00<00:00,  4.02it/s]

  0%|          | 0/1 [00:00<?, ?it/s]
100%|██████████| 1/1 [00:00<00:00,  1.06it/s]
100%|██████████| 1/1 [00:00<00:00,  1.06it/s]

  0%|          | 0/1 [00:00<?, ?it/s]
100%|██████████| 1/1 [00:00<00:00,  3.07it/s]
100%|██████████| 1/1 [00:00<00:00,  3.07it/s]

  0%|          | 0/1 [00:00<?, ?it/s]
100%|██████████| 1/1 [00:00<00:00,  3.23it/s]
100%|██████████| 1/1 [00:00<00:00,  3.23it/s]

  0%|          | 0/1 [00:00<?, ?it/s]
100%|██████████| 1/1 [00:01<00:00,  1.54s/it]
100%|██████████| 1/1 [00:01<00:00,  1.54s/it]

  0%|          | 0/1 [00:00<?, ?it/s]
  0%|          | 0/1 [00:01<?, ?it/s]

  0%|          | 0/1 [00:00<?, ?it/s]
100%|██████████| 1/1 [00:00<00:00,  2.01it/s]
100%|██████████| 1/1 [00:00<00:00,  2.01it/s]

  0%|          | 0/1 [00:00<?, ?it/s]
100%|██████████| 1/1 [00:00<00:00,  5.26it/s]
100%|██████████| 1/1 [00:00<00:00,  5.26it/s]

  0%|          | 0/1 [00:00<?, ?it/s]
100%|██████████| 1/1 [00:00<00:00,  4.90it/s]
100%|██████████| 1/1 [00:00<00:00,  4.90it/s]

  0%|          | 0/1 [00:00<?, ?it/s]
  0%|          | 0/1 [00:01<?, ?it/s]

  0%|          | 0/1 [00:00<?, ?it/s]
100%|██████████| 1/1 [00:00<00:00,  6.02it/s]
100%|██████████| 1/1 [00:00<00:00,  6.02it/s]

  0%|          | 0/1 [00:00<?, ?it/s]
100%|██████████| 1/1 [00:00<00:00,  6.23it/s]
100%|██████████| 1/1 [00:00<00:00,  6.22it/s]

  0%|          | 0/1 [00:00<?, ?it/s]
100%|██████████| 1/1 [00:00<00:00,  3.99it/s]
100%|██████████| 1/1 [00:00<00:00,  3.99it/s]

  0%|          | 0/1 [00:00<?, ?it/s]
100%|██████████| 1/1 [00:00<00:00,  4.63it/s]
100%|██████████| 1/1 [00:00<00:00,  4.63it/s]

  0%|          | 0/1 [00:00<?, ?it/s]
100%|██████████| 1/1 [00:00<00:00,  9.70it/s]
100%|██████████| 1/1 [00:00<00:00,  9.68it/s]

  0%|          | 0/1 [00:00<?, ?it/s]
100%|██████████| 1/1 [00:00<00:00,  5.20it/s]
100%|██████████| 1/1 [00:00<00:00,  5.19it/s]

  0%|          | 0/1 [00:00<?, ?it/s]
100%|██████████| 1/1 [00:00<00:00,  3.64it/s]
100%|██████████| 1/1 [00:00<00:00,  3.64it/s]

  0%|          | 0/1 [00:00<?, ?it/s]
100%|██████████| 1/1 [00:00<00:00,  2.91it/s]
100%|██████████| 1/1 [00:00<00:00,  2.91it/s]

  0%|          | 0/1 [00:00<?, ?it/s]
100%|██████████| 1/1 [00:00<00:00,  2.18it/s]
100%|██████████| 1/1 [00:00<00:00,  2.18it/s]

  0%|          | 0/1 [00:00<?, ?it/s]
  0%|          | 0/1 [00:01<?, ?it/s]

  0%|          | 0/1 [00:00<?, ?it/s]
  0%|          | 0/1 [00:01<?, ?it/s]

  0%|          | 0/1 [00:00<?, ?it/s]
  0%|          | 0/1 [00:01<?, ?it/s]

  0%|          | 0/1 [00:00<?, ?it/s]
  0%|          | 0/1 [00:01<?, ?it/s]

  0%|          | 0/1 [00:00<?, ?it/s]
  0%|          | 0/1 [00:01<?, ?it/s]

  0%|          | 0/1 [00:00<?, ?it/s]
  0%|          | 0/1 [00:01<?, ?it/s]

  0%|          | 0/1 [00:00<?, ?it/s]
  0%|          | 0/1 [00:01<?, ?it/s]

  0%|          | 0/1 [00:00<?, ?it/s]
  0%|          | 0/1 [00:01<?, ?it/s]

  0%|          | 0/1 [00:00<?, ?it/s]
  0%|          | 0/1 [00:01<?, ?it/s]

  0%|          | 0/1 [00:00<?, ?it/s]
  0%|          | 0/1 [00:01<?, ?it/s]

  0%|          | 0/1 [00:00<?, ?it/s]
  0%|          | 0/1 [00:01<?, ?it/s]

  0%|          | 0/1 [00:00<?, ?it/s]
  0%|          | 0/1 [00:01<?, ?it/s]

  0%|          | 0/1 [00:00<?, ?it/s]
  0%|          | 0/1 [00:01<?, ?it/s]

  0%|          | 0/1 [00:00<?, ?it/s]
  0%|          | 0/1 [00:01<?, ?it/s]

  0%|          | 0/1 [00:00<?, ?it/s]
  0%|          | 0/1 [00:01<?, ?it/s]

  0%|          | 0/1 [00:00<?, ?it/s]
  0%|          | 0/1 [00:01<?, ?it/s]

  0%|          | 0/1 [00:00<?, ?it/s]
  0%|          | 0/1 [00:01<?, ?it/s]

  0%|          | 0/1 [00:00<?, ?it/s]
  0%|          | 0/1 [00:01<?, ?it/s]

  0%|          | 0/1 [00:00<?, ?it/s]
  0%|          | 0/1 [00:01<?, ?it/s]

  0%|          | 0/1 [00:00<?, ?it/s]
  0%|          | 0/1 [00:01<?, ?it/s]

  0%|          | 0/1 [00:00<?, ?it/s]
  0%|          | 0/1 [00:01<?, ?it/s]

  0%|          | 0/1 [00:00<?, ?it/s]
  0%|          | 0/1 [00:01<?, ?it/s]

  0%|          | 0/1 [00:00<?, ?it/s]
  0%|          | 0/1 [00:01<?, ?it/s]

  0%|          | 0/1 [00:00<?, ?it/s]
  0%|          | 0/1 [00:01<?, ?it/s]

  0%|          | 0/1 [00:00<?, ?it/s]
  0%|          | 0/1 [00:01<?, ?it/s]

  0%|          | 0/1 [00:00<?, ?it/s]
  0%|          | 0/1 [00:01<?, ?it/s]

  0%|          | 0/1 [00:00<?, ?it/s]
  0%|          | 0/1 [00:01<?, ?it/s]

  0%|          | 0/1 [00:00<?, ?it/s]
  0%|          | 0/1 [00:01<?, ?it/s]

  0%|          | 0/1 [00:00<?, ?it/s]
  0%|          | 0/1 [00:01<?, ?it/s]

  0%|          | 0/1 [00:00<?, ?it/s]
  0%|          | 0/1 [00:01<?, ?it/s]

  0%|          | 0/1 [00:00<?, ?it/s]
  0%|          | 0/1 [00:01<?, ?it/s]

  0%|          | 0/1 [00:00<?, ?it/s]
  0%|          | 0/1 [00:01<?, ?it/s]
QObject::~QObject: Timers cannot be stopped from another thread
